// Jest Snapshot v1, https://goo.gl/fbAQLP

exports[`KelService should provide completion 1`] = `
Array [
  Object {
    "evaluationType": "String",
    "evaluationTypeCardinality": "single",
    "info": "String",
    "text": "versionDescription",
    "type": "reference",
  },
  Object {
    "evaluationType": "Referer",
    "evaluationTypeCardinality": "single",
    "info": "Referer",
    "text": "referer",
    "type": "reference",
  },
  Object {
    "evaluationType": "String",
    "evaluationTypeCardinality": "single",
    "info": "String",
    "text": "accountName",
    "type": "reference",
  },
  Object {
    "evaluationType": "String",
    "evaluationTypeCardinality": "single",
    "info": "String",
    "text": "policyNumber",
    "type": "reference",
  },
  Object {
    "evaluationType": "String[]",
    "evaluationTypeCardinality": "multiple",
    "info": "String[]",
    "text": "policies",
    "type": "reference",
  },
  Object {
    "evaluationType": "String",
    "evaluationTypeCardinality": "single",
    "info": "String",
    "text": "oosProcessingStage",
    "type": "reference",
  },
  Object {
    "evaluationType": "Date",
    "evaluationTypeCardinality": "single",
    "info": "Date",
    "text": "createdOn",
    "type": "reference",
  },
  Object {
    "evaluationType": "String",
    "evaluationTypeCardinality": "single",
    "info": "String",
    "text": "state",
    "type": "reference",
  },
  Object {
    "evaluationType": "String",
    "evaluationTypeCardinality": "single",
    "info": "String",
    "text": "termCd",
    "type": "reference",
  },
  Object {
    "evaluationType": "DateTime",
    "evaluationTypeCardinality": "single",
    "info": "DateTime",
    "text": "txEffectiveDate",
    "type": "reference",
  },
  Object {
    "evaluationType": "String",
    "evaluationTypeCardinality": "single",
    "info": "String",
    "text": "policyCurrency",
    "type": "reference",
  },
  Object {
    "evaluationType": "Date",
    "evaluationTypeCardinality": "single",
    "info": "Date",
    "text": "expirationDate",
    "type": "reference",
  },
  Object {
    "evaluationType": "Unknown",
    "evaluationTypeCardinality": "single",
    "info": "Unknown",
    "text": "refToCustomer",
    "type": "reference",
  },
  Object {
    "evaluationType": "String",
    "evaluationTypeCardinality": "single",
    "info": "String",
    "text": "updatedBy",
    "type": "reference",
  },
  Object {
    "evaluationType": "Vehicle[]",
    "evaluationTypeCardinality": "multiple",
    "info": "Vehicle[]",
    "text": "riskItems",
    "type": "reference",
  },
  Object {
    "evaluationType": "Number",
    "evaluationTypeCardinality": "single",
    "info": "Number",
    "text": "totalPremium",
    "type": "reference",
  },
  Object {
    "evaluationType": "String",
    "evaluationTypeCardinality": "single",
    "info": "String",
    "text": "txType",
    "type": "reference",
  },
  Object {
    "evaluationType": "Date",
    "evaluationTypeCardinality": "single",
    "info": "Date",
    "text": "updatedOn",
    "type": "reference",
  },
  Object {
    "evaluationType": "Number",
    "evaluationTypeCardinality": "single",
    "info": "Number",
    "text": "changePremium",
    "type": "reference",
  },
  Object {
    "evaluationType": "Number",
    "evaluationTypeCardinality": "single",
    "info": "Number",
    "text": "totalLimit",
    "type": "reference",
  },
  Object {
    "evaluationType": "String",
    "evaluationTypeCardinality": "single",
    "info": "String",
    "text": "createdBy",
    "type": "reference",
  },
  Object {
    "evaluationType": "Number",
    "evaluationTypeCardinality": "single",
    "info": "Number",
    "text": "createdFromPolicyRev",
    "type": "reference",
  },
  Object {
    "evaluationType": "String",
    "evaluationTypeCardinality": "single",
    "info": "String",
    "text": "txReason",
    "type": "reference",
  },
  Object {
    "evaluationType": "Date",
    "evaluationTypeCardinality": "single",
    "info": "Date",
    "text": "txCreateDate",
    "type": "reference",
  },
  Object {
    "evaluationType": "Boolean",
    "evaluationTypeCardinality": "single",
    "info": "Boolean",
    "text": "currentQuoteInd",
    "type": "reference",
  },
  Object {
    "evaluationType": "Party[]",
    "evaluationTypeCardinality": "multiple",
    "info": "Party[]",
    "text": "parties",
    "type": "reference",
  },
  Object {
    "evaluationType": "String",
    "evaluationTypeCardinality": "single",
    "info": "String",
    "text": "contractTermTypeCd",
    "type": "reference",
  },
  Object {
    "evaluationType": "Number",
    "evaluationTypeCardinality": "single",
    "info": "Number",
    "text": "termNo",
    "type": "reference",
  },
  Object {
    "evaluationType": "Date",
    "evaluationTypeCardinality": "single",
    "info": "Date",
    "text": "effectiveDate",
    "type": "reference",
  },
]
`;
