kraken.engine.sanity.check.EngineSanityVisibilityPayloadTest.shouldExecuteVisibilityAutoPolicyEntryPoint=[
  {
    "Policy:-1:createdBy": {
      "contextFieldInfo": {
        "contextId": "-1",
        "contextName": "Policy",
        "fieldName": "createdBy",
        "fieldPath": "accessTrackInfo.createdBy"
      },
      "ruleResults": [
        {
          "ruleInfo": {
            "ruleName": "R0034",
            "context": "Policy",
            "targetPath": "createdBy",
            "payloadType": "VISIBILITY"
          },
          "payloadResult": {
            "visible": false
          },
          "conditionEvaluationResult": {
            "conditionEvaluation": "APPLICABLE"
          },
          "overrideInfo": {
            "isOverridable": false
          },
          "ruleEvaluationStatus": "APPLIED"
        }
      ]
    },
    "Policy:-1:createdFromPolicyRev": {
      "contextFieldInfo": {
        "contextId": "-1",
        "contextName": "Policy",
        "fieldName": "createdFromPolicyRev",
        "fieldPath": "createdFromPolicyRev"
      },
      "ruleResults": [
        {
          "ruleInfo": {
            "ruleName": "R0010",
            "context": "Policy",
            "targetPath": "createdFromPolicyRev",
            "payloadType": "VISIBILITY"
          },
          "payloadResult": {
            "visible": false
          },
          "conditionEvaluationResult": {
            "conditionEvaluation": "APPLICABLE"
          },
          "overrideInfo": {
            "isOverridable": false
          },
          "ruleEvaluationStatus": "APPLIED"
        }
      ]
    },
    "Policy:-1:createdOn": {
      "contextFieldInfo": {
        "contextId": "-1",
        "contextName": "Policy",
        "fieldName": "createdOn",
        "fieldPath": "accessTrackInfo.createdOn"
      },
      "ruleResults": [
        {
          "ruleInfo": {
            "ruleName": "R0030",
            "context": "Policy",
            "targetPath": "createdOn",
            "payloadType": "VISIBILITY"
          },
          "payloadResult": {
            "visible": false
          },
          "conditionEvaluationResult": {
            "conditionEvaluation": "APPLICABLE"
          },
          "overrideInfo": {
            "isOverridable": false
          },
          "ruleEvaluationStatus": "APPLIED"
        }
      ]
    },
    "Policy:-1:state": {
      "contextFieldInfo": {
        "contextId": "-1",
        "contextName": "Policy",
        "fieldName": "state",
        "fieldPath": "state"
      },
      "ruleResults": [
        {
          "ruleInfo": {
            "ruleName": "R0006",
            "context": "Policy",
            "targetPath": "state",
            "payloadType": "VISIBILITY"
          },
          "payloadResult": {
            "visible": false
          },
          "conditionEvaluationResult": {
            "conditionEvaluation": "APPLICABLE"
          },
          "overrideInfo": {
            "isOverridable": false
          },
          "ruleEvaluationStatus": "APPLIED"
        }
      ]
    },
    "Policy:-1:txType": {
      "contextFieldInfo": {
        "contextId": "-1",
        "contextName": "Policy",
        "fieldName": "txType",
        "fieldPath": "transactionDetails.txType"
      },
      "ruleResults": [
        {
          "ruleInfo": {
            "ruleName": "R0012",
            "context": "Policy",
            "targetPath": "txType",
            "payloadType": "VISIBILITY"
          },
          "payloadResult": {
            "visible": false
          },
          "conditionEvaluationResult": {
            "conditionEvaluation": "APPLICABLE"
          },
          "overrideInfo": {
            "isOverridable": false
          },
          "ruleEvaluationStatus": "APPLIED"
        }
      ]
    },
    "Policy:-1:updatedBy": {
      "contextFieldInfo": {
        "contextId": "-1",
        "contextName": "Policy",
        "fieldName": "updatedBy",
        "fieldPath": "accessTrackInfo.updatedBy"
      },
      "ruleResults": [
        {
          "ruleInfo": {
            "ruleName": "R0041",
            "context": "Policy",
            "targetPath": "updatedBy",
            "payloadType": "VISIBILITY"
          },
          "payloadResult": {
            "visible": false
          },
          "conditionEvaluationResult": {
            "conditionEvaluation": "APPLICABLE"
          },
          "overrideInfo": {
            "isOverridable": false
          },
          "ruleEvaluationStatus": "APPLIED"
        }
      ]
    },
    "Policy:-1:updatedOn": {
      "contextFieldInfo": {
        "contextId": "-1",
        "contextName": "Policy",
        "fieldName": "updatedOn",
        "fieldPath": "accessTrackInfo.updatedOn"
      },
      "ruleResults": [
        {
          "ruleInfo": {
            "ruleName": "R0038",
            "context": "Policy",
            "targetPath": "updatedOn",
            "payloadType": "VISIBILITY"
          },
          "payloadResult": {
            "visible": false
          },
          "conditionEvaluationResult": {
            "conditionEvaluation": "APPLICABLE"
          },
          "overrideInfo": {
            "isOverridable": false
          },
          "ruleEvaluationStatus": "APPLIED"
        }
      ]
    }
  }
]