kraken.engine.sanity.check.EngineSanitySizeRangePayloadTest.shouldFailOnLess=[
  {
    "Policy:-1:policies": {
      "contextFieldInfo": {
        "contextId": "-1",
        "contextName": "Policy",
        "fieldName": "policies",
        "fieldPath": "policies"
      },
      "ruleResults": [
        {
          "ruleInfo": {
            "ruleName": "SizePayloadRange",
            "context": "Policy",
            "targetPath": "policies",
            "payloadType": "SIZE_RANGE"
          },
          "payloadResult": {
            "min": 2,
            "max": 3,
            "success": false,
            "templateVariables": [],
            "rawTemplateVariables": [],
            "validationSeverity": "critical"
          },
          "conditionEvaluationResult": {
            "conditionEvaluation": "APPLICABLE"
          },
          "overrideInfo": {
            "isOverridable": false
          },
          "ruleEvaluationStatus": "APPLIED"
        }
      ]
    }
  }
]


kraken.engine.sanity.check.EngineSanitySizeRangePayloadTest.shouldFailOnMore=[
  {
    "Policy:-1:policies": {
      "contextFieldInfo": {
        "contextId": "-1",
        "contextName": "Policy",
        "fieldName": "policies",
        "fieldPath": "policies"
      },
      "ruleResults": [
        {
          "ruleInfo": {
            "ruleName": "SizePayloadRange",
            "context": "Policy",
            "targetPath": "policies",
            "payloadType": "SIZE_RANGE"
          },
          "payloadResult": {
            "min": 2,
            "max": 3,
            "success": false,
            "templateVariables": [],
            "rawTemplateVariables": [],
            "validationSeverity": "critical"
          },
          "conditionEvaluationResult": {
            "conditionEvaluation": "APPLICABLE"
          },
          "overrideInfo": {
            "isOverridable": false
          },
          "ruleEvaluationStatus": "APPLIED"
        }
      ]
    }
  }
]


kraken.engine.sanity.check.EngineSanitySizeRangePayloadTest.shouldSuccessOnInRange=[
  {
    "Policy:-1:policies": {
      "contextFieldInfo": {
        "contextId": "-1",
        "contextName": "Policy",
        "fieldName": "policies",
        "fieldPath": "policies"
      },
      "ruleResults": [
        {
          "ruleInfo": {
            "ruleName": "SizePayloadRange",
            "context": "Policy",
            "targetPath": "policies",
            "payloadType": "SIZE_RANGE"
          },
          "payloadResult": {
            "min": 2,
            "max": 3,
            "success": true,
            "templateVariables": [],
            "rawTemplateVariables": [],
            "validationSeverity": "critical"
          },
          "conditionEvaluationResult": {
            "conditionEvaluation": "APPLICABLE"
          },
          "overrideInfo": {
            "isOverridable": false
          },
          "ruleEvaluationStatus": "APPLIED"
        }
      ]
    }
  }
]