// Jest Snapshot v1, https://goo.gl/fbAQLP

exports[`Engine Sanity Accessibility Payload Test should execute 'AccessibilityAutoPolicy' entrypoint 1`] = `
Object {
  "entryPointResults": Object {
    "evaluationTimestamp": Any<Date>,
    "results": Object {
      "Policy:0:policyNumber": Object {
        "contextFieldInfo": DefaultContextFieldInfo {
          "contextId": "0",
          "contextName": "Policy",
          "fieldName": "policyNumber",
          "fieldPath": "policyNumber",
          "fieldType": "STRING",
        },
        "ruleResults": Array [
          Object {
            "conditionEvaluationResult": DefaultConditionEvaluationResult {
              "conditionEvaluation": "APPLICABLE",
              "error": undefined,
            },
            "kind": 1,
            "payloadResult": Object {
              "accessible": false,
              "type": 128,
            },
            "ruleInfo": DefaultRuleInfo {
              "context": "Policy",
              "payloadtype": "ACCESSIBILITY",
              "ruleName": "R0001B",
              "targetPath": "policyNumber",
            },
          },
        ],
      },
      "Policy:0:termCd": Object {
        "contextFieldInfo": DefaultContextFieldInfo {
          "contextId": "0",
          "contextName": "Policy",
          "fieldName": "termCd",
          "fieldPath": "termDetails.termCd",
          "fieldType": "STRING",
        },
        "ruleResults": Array [
          Object {
            "conditionEvaluationResult": DefaultConditionEvaluationResult {
              "conditionEvaluation": "APPLICABLE",
              "error": undefined,
            },
            "kind": 1,
            "payloadResult": Object {
              "accessible": false,
              "type": 128,
            },
            "ruleInfo": DefaultRuleInfo {
              "context": "Policy",
              "payloadtype": "ACCESSIBILITY",
              "ruleName": "R0058",
              "targetPath": "termCd",
            },
          },
        ],
      },
      "Policy:0:txCreateDate": Object {
        "contextFieldInfo": DefaultContextFieldInfo {
          "contextId": "0",
          "contextName": "Policy",
          "fieldName": "txCreateDate",
          "fieldPath": "transactionDetails.txCreateDate",
          "fieldType": "DATE",
        },
        "ruleResults": Array [
          Object {
            "conditionEvaluationResult": DefaultConditionEvaluationResult {
              "conditionEvaluation": "APPLICABLE",
              "error": undefined,
            },
            "kind": 1,
            "payloadResult": Object {
              "accessible": false,
              "type": 128,
            },
            "ruleInfo": DefaultRuleInfo {
              "context": "Policy",
              "payloadtype": "ACCESSIBILITY",
              "ruleName": "R0023",
              "targetPath": "txCreateDate",
            },
          },
        ],
      },
      "Policy:0:txReason": Object {
        "contextFieldInfo": DefaultContextFieldInfo {
          "contextId": "0",
          "contextName": "Policy",
          "fieldName": "txReason",
          "fieldPath": "transactionDetails.txReason",
          "fieldType": "STRING",
        },
        "ruleResults": Array [
          Object {
            "conditionEvaluationResult": DefaultConditionEvaluationResult {
              "conditionEvaluation": "APPLICABLE",
              "error": undefined,
            },
            "kind": 1,
            "payloadResult": Object {
              "accessible": false,
              "type": 128,
            },
            "ruleInfo": DefaultRuleInfo {
              "context": "Policy",
              "payloadtype": "ACCESSIBILITY",
              "ruleName": "R0015",
              "targetPath": "txReason",
            },
          },
        ],
      },
    },
    "ruleTimezoneId": "Europe/Vilnius",
  },
  "fieldResults": Object {
    "Policy:0:policyNumber": Object {
      "fieldType": "STRING",
      "id": "Policy:0:policyNumber",
      "info": Object {
        "getContextInstanceId": [Function],
        "getContextName": [Function],
      },
      "isDisabled": true,
      "isHidden": undefined,
      "resolvedTargetPath": "policyNumber",
      "ruleResults": Array [],
    },
    "Policy:0:termCd": Object {
      "fieldType": "STRING",
      "id": "Policy:0:termCd",
      "info": Object {
        "getContextInstanceId": [Function],
        "getContextName": [Function],
      },
      "isDisabled": true,
      "isHidden": undefined,
      "resolvedTargetPath": "termDetails.termCd",
      "ruleResults": Array [],
    },
    "Policy:0:txCreateDate": Object {
      "fieldType": "DATE",
      "id": "Policy:0:txCreateDate",
      "info": Object {
        "getContextInstanceId": [Function],
        "getContextName": [Function],
      },
      "isDisabled": true,
      "isHidden": undefined,
      "resolvedTargetPath": "transactionDetails.txCreateDate",
      "ruleResults": Array [],
    },
    "Policy:0:txReason": Object {
      "fieldType": "STRING",
      "id": "Policy:0:txReason",
      "info": Object {
        "getContextInstanceId": [Function],
        "getContextName": [Function],
      },
      "isDisabled": true,
      "isHidden": undefined,
      "resolvedTargetPath": "transactionDetails.txReason",
      "ruleResults": Array [],
    },
  },
}
`;
