// Jest Snapshot v1, https://goo.gl/fbAQLP

exports[`Engine Sanity multiple nested array test should apply default on nested structure 1`] = `
Object {
  "entryPointResults": Object {
    "evaluationTimestamp": Any<Date>,
    "results": Object {
      "SecondaryInsured:1:name": Object {
        "contextFieldInfo": DefaultContextFieldInfo {
          "contextId": "1",
          "contextName": "SecondaryInsured",
          "fieldName": "name",
          "fieldPath": "name",
          "fieldType": "STRING",
        },
        "ruleResults": Array [
          Object {
            "conditionEvaluationResult": DefaultConditionEvaluationResult {
              "conditionEvaluation": "APPLICABLE",
              "error": undefined,
            },
            "kind": 1,
            "payloadResult": Object {
              "events": Array [
                ValueChangedEvent {
                  "attributeTarget": "name",
                  "contextId": "1",
                  "contextName": "SecondaryInsured",
                  "newValue": "new",
                  "previousValue": "mock",
                },
              ],
              "type": 8,
            },
            "ruleInfo": DefaultRuleInfo {
              "context": "SecondaryInsured",
              "payloadtype": "DEFAULT",
              "ruleName": "MultipleInsureds-default",
              "targetPath": "name",
            },
          },
        ],
      },
      "SecondaryInsured:2:name": Object {
        "contextFieldInfo": DefaultContextFieldInfo {
          "contextId": "2",
          "contextName": "SecondaryInsured",
          "fieldName": "name",
          "fieldPath": "name",
          "fieldType": "STRING",
        },
        "ruleResults": Array [
          Object {
            "conditionEvaluationResult": DefaultConditionEvaluationResult {
              "conditionEvaluation": "APPLICABLE",
              "error": undefined,
            },
            "kind": 1,
            "payloadResult": Object {
              "events": Array [
                ValueChangedEvent {
                  "attributeTarget": "name",
                  "contextId": "2",
                  "contextName": "SecondaryInsured",
                  "newValue": "new",
                  "previousValue": "mock",
                },
              ],
              "type": 8,
            },
            "ruleInfo": DefaultRuleInfo {
              "context": "SecondaryInsured",
              "payloadtype": "DEFAULT",
              "ruleName": "MultipleInsureds-default",
              "targetPath": "name",
            },
          },
        ],
      },
      "SecondaryInsured:3:name": Object {
        "contextFieldInfo": DefaultContextFieldInfo {
          "contextId": "3",
          "contextName": "SecondaryInsured",
          "fieldName": "name",
          "fieldPath": "name",
          "fieldType": "STRING",
        },
        "ruleResults": Array [
          Object {
            "conditionEvaluationResult": DefaultConditionEvaluationResult {
              "conditionEvaluation": "APPLICABLE",
              "error": undefined,
            },
            "kind": 1,
            "payloadResult": Object {
              "events": Array [
                ValueChangedEvent {
                  "attributeTarget": "name",
                  "contextId": "3",
                  "contextName": "SecondaryInsured",
                  "newValue": "new",
                  "previousValue": "mock",
                },
              ],
              "type": 8,
            },
            "ruleInfo": DefaultRuleInfo {
              "context": "SecondaryInsured",
              "payloadtype": "DEFAULT",
              "ruleName": "MultipleInsureds-default",
              "targetPath": "name",
            },
          },
        ],
      },
      "SecondaryInsured:4:name": Object {
        "contextFieldInfo": DefaultContextFieldInfo {
          "contextId": "4",
          "contextName": "SecondaryInsured",
          "fieldName": "name",
          "fieldPath": "name",
          "fieldType": "STRING",
        },
        "ruleResults": Array [
          Object {
            "conditionEvaluationResult": DefaultConditionEvaluationResult {
              "conditionEvaluation": "APPLICABLE",
              "error": undefined,
            },
            "kind": 1,
            "payloadResult": Object {
              "events": Array [
                ValueChangedEvent {
                  "attributeTarget": "name",
                  "contextId": "4",
                  "contextName": "SecondaryInsured",
                  "newValue": "new",
                  "previousValue": "mock",
                },
              ],
              "type": 8,
            },
            "ruleInfo": DefaultRuleInfo {
              "context": "SecondaryInsured",
              "payloadtype": "DEFAULT",
              "ruleName": "MultipleInsureds-default",
              "targetPath": "name",
            },
          },
        ],
      },
      "SecondaryInsured:5:name": Object {
        "contextFieldInfo": DefaultContextFieldInfo {
          "contextId": "5",
          "contextName": "SecondaryInsured",
          "fieldName": "name",
          "fieldPath": "name",
          "fieldType": "STRING",
        },
        "ruleResults": Array [
          Object {
            "conditionEvaluationResult": DefaultConditionEvaluationResult {
              "conditionEvaluation": "APPLICABLE",
              "error": undefined,
            },
            "kind": 1,
            "payloadResult": Object {
              "events": Array [
                ValueChangedEvent {
                  "attributeTarget": "name",
                  "contextId": "5",
                  "contextName": "SecondaryInsured",
                  "newValue": "new",
                  "previousValue": "mock",
                },
              ],
              "type": 8,
            },
            "ruleInfo": DefaultRuleInfo {
              "context": "SecondaryInsured",
              "payloadtype": "DEFAULT",
              "ruleName": "MultipleInsureds-default",
              "targetPath": "name",
            },
          },
        ],
      },
      "SecondaryInsured:6:name": Object {
        "contextFieldInfo": DefaultContextFieldInfo {
          "contextId": "6",
          "contextName": "SecondaryInsured",
          "fieldName": "name",
          "fieldPath": "name",
          "fieldType": "STRING",
        },
        "ruleResults": Array [
          Object {
            "conditionEvaluationResult": DefaultConditionEvaluationResult {
              "conditionEvaluation": "APPLICABLE",
              "error": undefined,
            },
            "kind": 1,
            "payloadResult": Object {
              "events": Array [
                ValueChangedEvent {
                  "attributeTarget": "name",
                  "contextId": "6",
                  "contextName": "SecondaryInsured",
                  "newValue": "new",
                  "previousValue": "mock",
                },
              ],
              "type": 8,
            },
            "ruleInfo": DefaultRuleInfo {
              "context": "SecondaryInsured",
              "payloadtype": "DEFAULT",
              "ruleName": "MultipleInsureds-default",
              "targetPath": "name",
            },
          },
        ],
      },
      "SecondaryInsured:7:name": Object {
        "contextFieldInfo": DefaultContextFieldInfo {
          "contextId": "7",
          "contextName": "SecondaryInsured",
          "fieldName": "name",
          "fieldPath": "name",
          "fieldType": "STRING",
        },
        "ruleResults": Array [
          Object {
            "conditionEvaluationResult": DefaultConditionEvaluationResult {
              "conditionEvaluation": "APPLICABLE",
              "error": undefined,
            },
            "kind": 1,
            "payloadResult": Object {
              "events": Array [
                ValueChangedEvent {
                  "attributeTarget": "name",
                  "contextId": "7",
                  "contextName": "SecondaryInsured",
                  "newValue": "new",
                  "previousValue": "mock",
                },
              ],
              "type": 8,
            },
            "ruleInfo": DefaultRuleInfo {
              "context": "SecondaryInsured",
              "payloadtype": "DEFAULT",
              "ruleName": "MultipleInsureds-default",
              "targetPath": "name",
            },
          },
        ],
      },
    },
    "ruleTimeZoneId": "Europe/Vilnius",
  },
  "fieldResults": Object {
    "SecondaryInsured:1:name": Object {
      "fieldType": "STRING",
      "id": "SecondaryInsured:1:name",
      "info": Object {
        "getContextInstanceId": [Function],
        "getContextName": [Function],
      },
      "isDisabled": undefined,
      "isHidden": undefined,
      "resolvedTargetPath": "name",
      "ruleResults": Array [],
    },
    "SecondaryInsured:2:name": Object {
      "fieldType": "STRING",
      "id": "SecondaryInsured:2:name",
      "info": Object {
        "getContextInstanceId": [Function],
        "getContextName": [Function],
      },
      "isDisabled": undefined,
      "isHidden": undefined,
      "resolvedTargetPath": "name",
      "ruleResults": Array [],
    },
    "SecondaryInsured:3:name": Object {
      "fieldType": "STRING",
      "id": "SecondaryInsured:3:name",
      "info": Object {
        "getContextInstanceId": [Function],
        "getContextName": [Function],
      },
      "isDisabled": undefined,
      "isHidden": undefined,
      "resolvedTargetPath": "name",
      "ruleResults": Array [],
    },
    "SecondaryInsured:4:name": Object {
      "fieldType": "STRING",
      "id": "SecondaryInsured:4:name",
      "info": Object {
        "getContextInstanceId": [Function],
        "getContextName": [Function],
      },
      "isDisabled": undefined,
      "isHidden": undefined,
      "resolvedTargetPath": "name",
      "ruleResults": Array [],
    },
    "SecondaryInsured:5:name": Object {
      "fieldType": "STRING",
      "id": "SecondaryInsured:5:name",
      "info": Object {
        "getContextInstanceId": [Function],
        "getContextName": [Function],
      },
      "isDisabled": undefined,
      "isHidden": undefined,
      "resolvedTargetPath": "name",
      "ruleResults": Array [],
    },
    "SecondaryInsured:6:name": Object {
      "fieldType": "STRING",
      "id": "SecondaryInsured:6:name",
      "info": Object {
        "getContextInstanceId": [Function],
        "getContextName": [Function],
      },
      "isDisabled": undefined,
      "isHidden": undefined,
      "resolvedTargetPath": "name",
      "ruleResults": Array [],
    },
    "SecondaryInsured:7:name": Object {
      "fieldType": "STRING",
      "id": "SecondaryInsured:7:name",
      "info": Object {
        "getContextInstanceId": [Function],
        "getContextName": [Function],
      },
      "isDisabled": undefined,
      "isHidden": undefined,
      "resolvedTargetPath": "name",
      "ruleResults": Array [],
    },
  },
}
`;
