// Jest Snapshot v1, https://goo.gl/fbAQLP

exports[`Engine Sanity rule order test should execute rules in order 1`] = `
Object {
  "entryPointResults": Object {
    "evaluationTimestamp": Any<Date>,
    "results": Object {
      "BillingAddress:ba1:countryCd": Object {
        "contextFieldInfo": DefaultContextFieldInfo {
          "contextId": "ba1",
          "contextName": "BillingAddress",
          "fieldName": "countryCd",
          "fieldPath": "countryCd",
          "fieldType": "STRING",
        },
        "ruleResults": Array [
          Object {
            "conditionEvaluationResult": DefaultConditionEvaluationResult {
              "conditionEvaluation": "APPLICABLE",
              "error": undefined,
            },
            "kind": 1,
            "payloadResult": Object {
              "events": Array [
                ValueChangedEvent {
                  "attributeTarget": "countryCd",
                  "contextId": "ba1",
                  "contextName": "BillingAddress",
                  "newValue": "Address",
                  "previousValue": undefined,
                },
              ],
              "type": 8,
            },
            "ruleInfo": DefaultRuleInfo {
              "context": "AddressInfo",
              "payloadtype": "DEFAULT",
              "ruleName": "RULEORDER-BILLINGADDRESS",
              "targetPath": "countryCd",
            },
          },
        ],
      },
      "COLLCoverage:cc1:code": Object {
        "contextFieldInfo": DefaultContextFieldInfo {
          "contextId": "cc1",
          "contextName": "COLLCoverage",
          "fieldName": "code",
          "fieldPath": "code",
          "fieldType": "STRING",
        },
        "ruleResults": Array [
          Object {
            "conditionEvaluationResult": DefaultConditionEvaluationResult {
              "conditionEvaluation": "APPLICABLE",
              "error": undefined,
            },
            "kind": 1,
            "payloadResult": Object {
              "events": Array [
                ValueChangedEvent {
                  "attributeTarget": "code",
                  "contextId": "cc1",
                  "contextName": "COLLCoverage",
                  "newValue": "PartyPartyAddress",
                  "previousValue": undefined,
                },
              ],
              "type": 8,
            },
            "ruleInfo": DefaultRuleInfo {
              "context": "COLLCoverage",
              "payloadtype": "DEFAULT",
              "ruleName": "RULEORDER-COLL",
              "targetPath": "code",
            },
          },
        ],
      },
      "CreditCardInfo:cci1:cardType": Object {
        "contextFieldInfo": DefaultContextFieldInfo {
          "contextId": "cci1",
          "contextName": "CreditCardInfo",
          "fieldName": "cardType",
          "fieldPath": "cardType",
          "fieldType": "STRING",
        },
        "ruleResults": Array [
          Object {
            "conditionEvaluationResult": DefaultConditionEvaluationResult {
              "conditionEvaluation": "APPLICABLE",
              "error": undefined,
            },
            "kind": 1,
            "payloadResult": Object {
              "events": Array [
                ValueChangedEvent {
                  "attributeTarget": "cardType",
                  "contextId": "cci1",
                  "contextName": "CreditCardInfo",
                  "newValue": "PartyAddress",
                  "previousValue": undefined,
                },
              ],
              "type": 8,
            },
            "ruleInfo": DefaultRuleInfo {
              "context": "CreditCardInfo",
              "payloadtype": "DEFAULT",
              "ruleName": "RULEORDER-CREDITCARD",
              "targetPath": "cardType",
            },
          },
        ],
      },
      "Insured:i1:name": Object {
        "contextFieldInfo": DefaultContextFieldInfo {
          "contextId": "i1",
          "contextName": "Insured",
          "fieldName": "name",
          "fieldPath": "name",
          "fieldType": "STRING",
        },
        "ruleResults": Array [
          Object {
            "conditionEvaluationResult": DefaultConditionEvaluationResult {
              "conditionEvaluation": "APPLICABLE",
              "error": undefined,
            },
            "kind": 1,
            "payloadResult": Object {
              "events": Array [
                ValueChangedEvent {
                  "attributeTarget": "name",
                  "contextId": "i1",
                  "contextName": "Insured",
                  "newValue": "Party",
                  "previousValue": undefined,
                },
              ],
              "type": 8,
            },
            "ruleInfo": DefaultRuleInfo {
              "context": "Insured",
              "payloadtype": "DEFAULT",
              "ruleName": "RULEORDER-INSURED",
              "targetPath": "name",
            },
          },
        ],
      },
      "Party:p1:relationToPrimaryInsured": Object {
        "contextFieldInfo": DefaultContextFieldInfo {
          "contextId": "p1",
          "contextName": "Party",
          "fieldName": "relationToPrimaryInsured",
          "fieldPath": "relationToPrimaryInsured",
          "fieldType": "STRING",
        },
        "ruleResults": Array [
          Object {
            "conditionEvaluationResult": DefaultConditionEvaluationResult {
              "conditionEvaluation": "APPLICABLE",
              "error": undefined,
            },
            "kind": 1,
            "payloadResult": Object {
              "events": Array [
                ValueChangedEvent {
                  "attributeTarget": "relationToPrimaryInsured",
                  "contextId": "p1",
                  "contextName": "Party",
                  "newValue": "Party",
                  "previousValue": undefined,
                },
              ],
              "type": 8,
            },
            "ruleInfo": DefaultRuleInfo {
              "context": "Party",
              "payloadtype": "DEFAULT",
              "ruleName": "RULEORDER-PARTY",
              "targetPath": "relationToPrimaryInsured",
            },
          },
        ],
      },
      "Policy:0:policyNumber": Object {
        "contextFieldInfo": DefaultContextFieldInfo {
          "contextId": "0",
          "contextName": "Policy",
          "fieldName": "policyNumber",
          "fieldPath": "policyNumber",
          "fieldType": "STRING",
        },
        "ruleResults": Array [
          Object {
            "conditionEvaluationResult": DefaultConditionEvaluationResult {
              "conditionEvaluation": "APPLICABLE",
              "error": undefined,
            },
            "kind": 1,
            "payloadResult": Object {
              "events": Array [
                ValueChangedEvent {
                  "attributeTarget": "policyNumber",
                  "contextId": "0",
                  "contextName": "Policy",
                  "newValue": "PartyPartyAddress",
                  "previousValue": undefined,
                },
              ],
              "type": 8,
            },
            "ruleInfo": DefaultRuleInfo {
              "context": "Policy",
              "payloadtype": "DEFAULT",
              "ruleName": "RULEORDER-POLICY",
              "targetPath": "policyNumber",
            },
          },
        ],
      },
      "Vehicle:v1:model": Object {
        "contextFieldInfo": DefaultContextFieldInfo {
          "contextId": "v1",
          "contextName": "Vehicle",
          "fieldName": "model",
          "fieldPath": "model",
          "fieldType": "STRING",
        },
        "ruleResults": Array [
          Object {
            "conditionEvaluationResult": DefaultConditionEvaluationResult {
              "conditionEvaluation": "APPLICABLE",
              "error": undefined,
            },
            "kind": 1,
            "payloadResult": Object {
              "events": Array [
                ValueChangedEvent {
                  "attributeTarget": "model",
                  "contextId": "v1",
                  "contextName": "Vehicle",
                  "newValue": "PartyPartyAddress",
                  "previousValue": undefined,
                },
              ],
              "type": 8,
            },
            "ruleInfo": DefaultRuleInfo {
              "context": "Vehicle",
              "payloadtype": "DEFAULT",
              "ruleName": "RULEORDER-VEHICLE",
              "targetPath": "model",
            },
          },
        ],
      },
    },
  },
  "fieldResults": Object {
    "BillingAddress:ba1:countryCd": Object {
      "fieldType": "STRING",
      "id": "BillingAddress:ba1:countryCd",
      "info": Object {
        "getContextInstanceId": [Function],
        "getContextName": [Function],
      },
      "isDisabled": undefined,
      "isHidden": undefined,
      "resolvedTargetPath": "countryCd",
      "ruleResults": Array [],
    },
    "COLLCoverage:cc1:code": Object {
      "fieldType": "STRING",
      "id": "COLLCoverage:cc1:code",
      "info": Object {
        "getContextInstanceId": [Function],
        "getContextName": [Function],
      },
      "isDisabled": undefined,
      "isHidden": undefined,
      "resolvedTargetPath": "code",
      "ruleResults": Array [],
    },
    "CreditCardInfo:cci1:cardType": Object {
      "fieldType": "STRING",
      "id": "CreditCardInfo:cci1:cardType",
      "info": Object {
        "getContextInstanceId": [Function],
        "getContextName": [Function],
      },
      "isDisabled": undefined,
      "isHidden": undefined,
      "resolvedTargetPath": "cardType",
      "ruleResults": Array [],
    },
    "Insured:i1:name": Object {
      "fieldType": "STRING",
      "id": "Insured:i1:name",
      "info": Object {
        "getContextInstanceId": [Function],
        "getContextName": [Function],
      },
      "isDisabled": undefined,
      "isHidden": undefined,
      "resolvedTargetPath": "name",
      "ruleResults": Array [],
    },
    "Party:p1:relationToPrimaryInsured": Object {
      "fieldType": "STRING",
      "id": "Party:p1:relationToPrimaryInsured",
      "info": Object {
        "getContextInstanceId": [Function],
        "getContextName": [Function],
      },
      "isDisabled": undefined,
      "isHidden": undefined,
      "resolvedTargetPath": "relationToPrimaryInsured",
      "ruleResults": Array [],
    },
    "Policy:0:policyNumber": Object {
      "fieldType": "STRING",
      "id": "Policy:0:policyNumber",
      "info": Object {
        "getContextInstanceId": [Function],
        "getContextName": [Function],
      },
      "isDisabled": undefined,
      "isHidden": undefined,
      "resolvedTargetPath": "policyNumber",
      "ruleResults": Array [],
    },
    "Vehicle:v1:model": Object {
      "fieldType": "STRING",
      "id": "Vehicle:v1:model",
      "info": Object {
        "getContextInstanceId": [Function],
        "getContextName": [Function],
      },
      "isDisabled": undefined,
      "isHidden": undefined,
      "resolvedTargetPath": "model",
      "ruleResults": Array [],
    },
  },
}
`;

exports[`Engine Sanity rule order test should execute rules with complex field expressions in order 1`] = `
Object {
  "entryPointResults": Object {
    "evaluationTimestamp": Any<Date>,
    "results": Object {
      "BillingAddress:adi1:city": Object {
        "contextFieldInfo": DefaultContextFieldInfo {
          "contextId": "adi1",
          "contextName": "BillingAddress",
          "fieldName": "city",
          "fieldPath": "city",
          "fieldType": "STRING",
        },
        "ruleResults": Array [
          Object {
            "conditionEvaluationResult": DefaultConditionEvaluationResult {
              "conditionEvaluation": "APPLICABLE",
              "error": undefined,
            },
            "kind": 1,
            "payloadResult": Object {
              "events": Array [
                ValueChangedEvent {
                  "attributeTarget": "city",
                  "contextId": "adi1",
                  "contextName": "BillingAddress",
                  "newValue": "San Diego",
                  "previousValue": undefined,
                },
              ],
              "type": 8,
            },
            "ruleInfo": DefaultRuleInfo {
              "context": "AddressInfo",
              "payloadtype": "DEFAULT",
              "ruleName": "RuleOrderWithComplexField_AddressInfo_city",
              "targetPath": "city",
            },
          },
        ],
      },
      "BillingAddress:adi1:doNotSolicit": Object {
        "contextFieldInfo": DefaultContextFieldInfo {
          "contextId": "adi1",
          "contextName": "BillingAddress",
          "fieldName": "doNotSolicit",
          "fieldPath": "doNotSolicit",
          "fieldType": "BOOLEAN",
        },
        "ruleResults": Array [
          Object {
            "conditionEvaluationResult": DefaultConditionEvaluationResult {
              "conditionEvaluation": "APPLICABLE",
              "error": undefined,
            },
            "kind": 1,
            "payloadResult": Object {
              "events": Array [
                ValueChangedEvent {
                  "attributeTarget": "doNotSolicit",
                  "contextId": "adi1",
                  "contextName": "BillingAddress",
                  "newValue": true,
                  "previousValue": undefined,
                },
              ],
              "type": 8,
            },
            "ruleInfo": DefaultRuleInfo {
              "context": "AddressInfo",
              "payloadtype": "DEFAULT",
              "ruleName": "RuleOrderWithComplexField_AddressInfo_doNotSolicit",
              "targetPath": "doNotSolicit",
            },
          },
        ],
      },
      "PartyRole:pr1:limit": Object {
        "contextFieldInfo": DefaultContextFieldInfo {
          "contextId": "pr1",
          "contextName": "PartyRole",
          "fieldName": "limit",
          "fieldPath": "limit",
          "fieldType": "DECIMAL",
        },
        "ruleResults": Array [
          Object {
            "conditionEvaluationResult": DefaultConditionEvaluationResult {
              "conditionEvaluation": "APPLICABLE",
              "error": undefined,
            },
            "kind": 1,
            "payloadResult": Object {
              "events": Array [
                ValueChangedEvent {
                  "attributeTarget": "limit",
                  "contextId": "pr1",
                  "contextName": "PartyRole",
                  "newValue": 100,
                  "previousValue": undefined,
                },
              ],
              "type": 8,
            },
            "ruleInfo": DefaultRuleInfo {
              "context": "PartyRole",
              "payloadtype": "DEFAULT",
              "ruleName": "RuleOrderWithComplexField_PartyRole_limit",
              "targetPath": "limit",
            },
          },
        ],
      },
      "Policy:0:policyNumber": Object {
        "contextFieldInfo": DefaultContextFieldInfo {
          "contextId": "0",
          "contextName": "Policy",
          "fieldName": "policyNumber",
          "fieldPath": "policyNumber",
          "fieldType": "STRING",
        },
        "ruleResults": Array [
          Object {
            "conditionEvaluationResult": DefaultConditionEvaluationResult {
              "conditionEvaluation": "APPLICABLE",
              "error": undefined,
            },
            "kind": 1,
            "payloadResult": Object {
              "events": Array [
                ValueChangedEvent {
                  "attributeTarget": "policyNumber",
                  "contextId": "0",
                  "contextName": "Policy",
                  "newValue": "doNotSolicit is true",
                  "previousValue": undefined,
                },
              ],
              "type": 8,
            },
            "ruleInfo": DefaultRuleInfo {
              "context": "Policy",
              "payloadtype": "DEFAULT",
              "ruleName": "RuleOrderWithComplexField_Policy_policyNumber",
              "targetPath": "policyNumber",
            },
          },
        ],
      },
      "RRCoverage:rr1:deductibleAmount": Object {
        "contextFieldInfo": DefaultContextFieldInfo {
          "contextId": "rr1",
          "contextName": "RRCoverage",
          "fieldName": "deductibleAmount",
          "fieldPath": "deductibleAmount",
          "fieldType": "DECIMAL",
        },
        "ruleResults": Array [
          Object {
            "conditionEvaluationResult": DefaultConditionEvaluationResult {
              "conditionEvaluation": "APPLICABLE",
              "error": undefined,
            },
            "kind": 1,
            "payloadResult": Object {
              "events": Array [
                ValueChangedEvent {
                  "attributeTarget": "deductibleAmount",
                  "contextId": "rr1",
                  "contextName": "RRCoverage",
                  "newValue": 10,
                  "previousValue": undefined,
                },
              ],
              "type": 8,
            },
            "ruleInfo": DefaultRuleInfo {
              "context": "RRCoverage",
              "payloadtype": "DEFAULT",
              "ruleName": "RuleOrderWithComplexField_AddressInfo_street",
              "targetPath": "deductibleAmount",
            },
          },
        ],
      },
      "RRCoverage:rr1:limitAmount": Object {
        "contextFieldInfo": DefaultContextFieldInfo {
          "contextId": "rr1",
          "contextName": "RRCoverage",
          "fieldName": "limitAmount",
          "fieldPath": "limitAmount",
          "fieldType": "DECIMAL",
        },
        "ruleResults": Array [
          Object {
            "conditionEvaluationResult": DefaultConditionEvaluationResult {
              "conditionEvaluation": "APPLICABLE",
              "error": undefined,
            },
            "kind": 1,
            "payloadResult": Object {
              "events": Array [
                ValueChangedEvent {
                  "attributeTarget": "limitAmount",
                  "contextId": "rr1",
                  "contextName": "RRCoverage",
                  "newValue": 10,
                  "previousValue": undefined,
                },
              ],
              "type": 8,
            },
            "ruleInfo": DefaultRuleInfo {
              "context": "RRCoverage",
              "payloadtype": "DEFAULT",
              "ruleName": "RuleOrderWithComplexField_RRCoverage_limitAmount",
              "targetPath": "limitAmount",
            },
          },
        ],
      },
    },
  },
  "fieldResults": Object {
    "BillingAddress:adi1:city": Object {
      "fieldType": "STRING",
      "id": "BillingAddress:adi1:city",
      "info": Object {
        "getContextInstanceId": [Function],
        "getContextName": [Function],
      },
      "isDisabled": undefined,
      "isHidden": undefined,
      "resolvedTargetPath": "city",
      "ruleResults": Array [],
    },
    "BillingAddress:adi1:doNotSolicit": Object {
      "fieldType": "BOOLEAN",
      "id": "BillingAddress:adi1:doNotSolicit",
      "info": Object {
        "getContextInstanceId": [Function],
        "getContextName": [Function],
      },
      "isDisabled": undefined,
      "isHidden": undefined,
      "resolvedTargetPath": "doNotSolicit",
      "ruleResults": Array [],
    },
    "PartyRole:pr1:limit": Object {
      "fieldType": "DECIMAL",
      "id": "PartyRole:pr1:limit",
      "info": Object {
        "getContextInstanceId": [Function],
        "getContextName": [Function],
      },
      "isDisabled": undefined,
      "isHidden": undefined,
      "resolvedTargetPath": "limit",
      "ruleResults": Array [],
    },
    "Policy:0:policyNumber": Object {
      "fieldType": "STRING",
      "id": "Policy:0:policyNumber",
      "info": Object {
        "getContextInstanceId": [Function],
        "getContextName": [Function],
      },
      "isDisabled": undefined,
      "isHidden": undefined,
      "resolvedTargetPath": "policyNumber",
      "ruleResults": Array [],
    },
    "RRCoverage:rr1:deductibleAmount": Object {
      "fieldType": "DECIMAL",
      "id": "RRCoverage:rr1:deductibleAmount",
      "info": Object {
        "getContextInstanceId": [Function],
        "getContextName": [Function],
      },
      "isDisabled": undefined,
      "isHidden": undefined,
      "resolvedTargetPath": "deductibleAmount",
      "ruleResults": Array [],
    },
    "RRCoverage:rr1:limitAmount": Object {
      "fieldType": "DECIMAL",
      "id": "RRCoverage:rr1:limitAmount",
      "info": Object {
        "getContextInstanceId": [Function],
        "getContextName": [Function],
      },
      "isDisabled": undefined,
      "isHidden": undefined,
      "resolvedTargetPath": "limitAmount",
      "ruleResults": Array [],
    },
  },
}
`;
