// Jest Snapshot v1, https://goo.gl/fbAQLP

exports[`Engine Sanity Self reference Test should execute SelfReference entry point 1`] = `
Object {
  "entryPointResults": Object {
    "evaluationTimestamp": Any<Date>,
    "results": Object {
      "Policy:0:policyNumber": Object {
        "contextFieldInfo": DefaultContextFieldInfo {
          "contextId": "0",
          "contextName": "Policy",
          "fieldName": "policyNumber",
          "fieldPath": "policyNumber",
          "fieldType": "STRING",
        },
        "ruleResults": Array [
          Object {
            "conditionEvaluationResult": DefaultConditionEvaluationResult {
              "conditionEvaluation": "APPLICABLE",
              "error": undefined,
            },
            "kind": 2,
            "overrideInfo": Object {
              "overridable": false,
              "overrideApplicable": false,
              "overrideGroup": undefined,
            },
            "payloadResult": Object {
              "message": undefined,
              "success": true,
              "type": 1,
              "validationSeverity": "critical",
            },
            "ruleInfo": DefaultRuleInfo {
              "context": "Policy",
              "payloadtype": "ASSERTION",
              "ruleName": "SelfImplicit",
              "targetPath": "policyNumber",
            },
          },
          Object {
            "conditionEvaluationResult": DefaultConditionEvaluationResult {
              "conditionEvaluation": "APPLICABLE",
              "error": undefined,
            },
            "kind": 2,
            "overrideInfo": Object {
              "overridable": false,
              "overrideApplicable": false,
              "overrideGroup": undefined,
            },
            "payloadResult": Object {
              "message": undefined,
              "success": true,
              "type": 1,
              "validationSeverity": "critical",
            },
            "ruleInfo": DefaultRuleInfo {
              "context": "Policy",
              "payloadtype": "ASSERTION",
              "ruleName": "SelfCCR",
              "targetPath": "policyNumber",
            },
          },
          Object {
            "conditionEvaluationResult": DefaultConditionEvaluationResult {
              "conditionEvaluation": "APPLICABLE",
              "error": undefined,
            },
            "kind": 2,
            "overrideInfo": Object {
              "overridable": false,
              "overrideApplicable": false,
              "overrideGroup": undefined,
            },
            "payloadResult": Object {
              "message": undefined,
              "success": true,
              "type": 1,
              "validationSeverity": "critical",
            },
            "ruleInfo": DefaultRuleInfo {
              "context": "Policy",
              "payloadtype": "ASSERTION",
              "ruleName": "SelfThis",
              "targetPath": "policyNumber",
            },
          },
        ],
      },
    },
  },
  "fieldResults": Object {
    "Policy:0:policyNumber": Object {
      "fieldType": "STRING",
      "id": "Policy:0:policyNumber",
      "info": Object {
        "getContextInstanceId": [Function],
        "getContextName": [Function],
      },
      "isDisabled": undefined,
      "isHidden": undefined,
      "resolvedTargetPath": "policyNumber",
      "ruleResults": Array [
        Object {
          "errorCode": "rule-assertion-error",
          "errorMessage": "Assertion failed",
          "isFailed": false,
          "isOverridable": false,
          "isOverridden": false,
          "payloadResult": Object {
            "message": undefined,
            "success": true,
            "type": 1,
            "validationSeverity": "critical",
          },
          "rawTemplateVariables": Array [],
          "ruleName": "SelfImplicit",
          "severity": "critical",
          "templateVariables": Array [],
        },
        Object {
          "errorCode": "rule-assertion-error",
          "errorMessage": "Assertion failed",
          "isFailed": false,
          "isOverridable": false,
          "isOverridden": false,
          "payloadResult": Object {
            "message": undefined,
            "success": true,
            "type": 1,
            "validationSeverity": "critical",
          },
          "rawTemplateVariables": Array [],
          "ruleName": "SelfCCR",
          "severity": "critical",
          "templateVariables": Array [],
        },
        Object {
          "errorCode": "rule-assertion-error",
          "errorMessage": "Assertion failed",
          "isFailed": false,
          "isOverridable": false,
          "isOverridden": false,
          "payloadResult": Object {
            "message": undefined,
            "success": true,
            "type": 1,
            "validationSeverity": "critical",
          },
          "rawTemplateVariables": Array [],
          "ruleName": "SelfThis",
          "severity": "critical",
          "templateVariables": Array [],
        },
      ],
    },
  },
}
`;
