// Jest Snapshot v1, https://goo.gl/fbAQLP

exports[`Array Functions Test Generator Functions default steps default steps should generate sequence: 1.00001, 1.00002, 1.000001 1`] = `
Array [
  1.00001,
]
`;

exports[`Array Functions Test Generator Functions default steps default steps should generate sequence: 1000.0001, 1000.0002, 0.00001 - 5 digits 1`] = `
Array [
  1000.0001,
  1000.00011,
  1000.00012,
  1000.00013,
  1000.00014,
  1000.00015,
  1000.00016,
  1000.00017,
  1000.00018,
  1000.00019,
  1000.0002,
]
`;

exports[`Array Functions Test Generator Functions default steps default steps should generate sequence: 10002.00001, 10002.000051, 0.000001 1`] = `
Array [
  10002.00001,
  10002.000011,
  10002.000012,
  10002.000013,
  10002.000014,
  10002.000015,
  10002.000016,
  10002.000017,
  10002.000018,
  10002.000019,
  10002.00002,
  10002.000021,
  10002.000022,
  10002.000023,
  10002.000024,
  10002.000025,
  10002.000026,
  10002.000027,
  10002.000028,
  10002.000029,
  10002.00003,
  10002.000031,
  10002.000032,
  10002.000033,
  10002.000034,
  10002.000035,
  10002.000036,
  10002.000037,
  10002.000038,
  10002.000039,
  10002.00004,
  10002.000041,
  10002.000042,
  10002.000043,
  10002.000044,
  10002.000045,
  10002.000046,
  10002.000047,
  10002.000048,
  10002.000049,
  10002.00005,
  10002.000051,
]
`;

exports[`Array Functions Test Generator Functions default steps default steps should generate sequence: 1000000.00001, 1000000.00002, 0.000001 - 6 digits 1`] = `
Array [
  1000000.00001,
  1000000.000011,
  1000000.000012,
  1000000.000013,
  1000000.000014,
  1000000.000015,
  1000000.000016,
  1000000.000017,
  1000000.000018,
  1000000.000019,
  1000000.00002,
]
`;
